2025-08-22 19:05:01,466 - tungsten_gui - INFO - Selected: COM5
2025-08-22 19:05:02,092 - tungsten_gui - INFO - Connecting : ['COM5']
2025-08-22 19:05:02,153 - serial_port_manager - INFO - COM5: Connection Established
2025-08-22 19:05:02,153 - device - INFO - COM5: Creating Device Object
2025-08-22 19:05:02,153 - listener - INFO - COM5: Creating Listener Object
2025-08-22 19:05:02,153 - listener - INFO - COM5: Starting Listener
2025-08-22 19:05:02,154 - listener - INFO - COM5: Thread Started, Listening
2025-08-22 19:05:02,156 - device - INFO - COM5: Sending Command(s): ['esc']
2025-08-22 19:05:02,657 - device - INFO - COM5: is Alive
2025-08-22 19:05:02,664 - notebook_handler - INFO - Creating Notebook Handler
2025-08-22 19:05:02,664 - notebook_handler - INFO - Starting NB Handler
2025-08-22 19:05:02,664 - notebook_handler - INFO - COM5: NB Thread Started
2025-08-22 19:05:04,969 - stager - INFO - STAGER: Erasing Config
2025-08-22 19:05:04,969 - device - INFO - COM5: Sending Command(s): ['esc']
2025-08-22 19:05:05,471 - device - INFO - COM5: is Alive
2025-08-22 19:05:05,471 - device - INFO - COM5: Sending Command(s): ['esc', '9', 'h', 'y']
2025-08-22 19:05:05,971 - stager - INFO - STAGER: Pushing Personality
2025-08-22 19:05:05,971 - device - INFO - COM5: Sending Command(s): ['esc']
2025-08-22 19:05:06,472 - device - INFO - COM5: is Alive
2025-08-22 19:05:06,472 - device - INFO - COM5: Sending Command(s): ['esc', '6']
2025-08-22 19:05:07,472 - listener - INFO - COM5: Pausing Listener
2025-08-22 19:05:07,973 - device - INFO - COM5: initiating Xmodem send
2025-08-22 19:05:08,593 - xmodem.XMODEM - INFO - Transmission successful (ACK received).
2025-08-22 19:05:08,594 - device - INFO - COM5:Data Stream Status: True
2025-08-22 19:05:08,594 - listener - INFO - COM5: continuing Listener
2025-08-22 19:05:08,594 - device - INFO - COM5: Checking unit response
2025-08-22 19:05:10,095 - device - INFO - COM5 Unit replied with Hello
2025-08-22 19:05:10,095 - device - INFO - COM5: waiting for unit to install and unlock
2025-08-22 19:05:10,095 - device - INFO - COM5: Sending Command(s): ['esc']
2025-08-22 19:05:10,596 - device - INFO - COM5: is Alive
2025-08-22 19:05:10,596 - device - INFO - COM5 Pushing finished Returning True
2025-08-22 19:05:10,596 - tungsten_gui - INFO - [['COM5', True]]
2025-08-22 19:05:10,797 - tungsten_gui - INFO - stopping footer info update loop
